global  0 -> group 0, local 0 (roundtrip  0)
global  1 -> group 0, local 1 (roundtrip  1)
global  2 -> group 0, local 2 (roundtrip  2)
global  3 -> group 0, local 3 (roundtrip  3)
global  4 -> group 1, local 0 (roundtrip  4)
global  5 -> group 1, local 1 (roundtrip  5)
global  6 -> group 1, local 2 (roundtrip  6)
global  7 -> group 1, local 3 (roundtrip  7)
global  8 -> group 2, local 0 (roundtrip  8)
global  9 -> group 2, local 1 (roundtrip  9)
global 10 -> group 2, local 2 (roundtrip 10)
global 11 -> group 2, local 3 (roundtrip 11)
global 12 -> group 3, local 0 (roundtrip 12)
global 13 -> group 3, local 1 (roundtrip 13)
global 14 -> group 3, local 2 (roundtrip 14)
global 15 -> group 3, local 3 (roundtrip 15)
global 16 -> group 4, local 0 (roundtrip 16)
global 17 -> group 4, local 1 (roundtrip 17)
global 18 -> group 4, local 2 (roundtrip 18)
global 19 -> group 4, local 3 (roundtrip 19)
