; ModuleID = 'four_accumulators.ll'
source_filename = "four_accumulators.ll"

define float @four_accumulators(ptr %a) {
entry:
  %v0 = load float, ptr %a, align 4
  %g1 = getelementptr float, ptr %a, i32 1
  %v1 = load float, ptr %g1, align 4
  %g2 = getelementptr float, ptr %a, i32 2
  %v2 = load float, ptr %g2, align 4
  %g3 = getelementptr float, ptr %a, i32 3
  %v3 = load float, ptr %g3, align 4
  %g4 = getelementptr float, ptr %a, i32 4
  %v4 = load float, ptr %g4, align 4
  %acc0_1 = fadd float %v0, %v4
  %g5 = getelementptr float, ptr %a, i32 5
  %v5 = load float, ptr %g5, align 4
  %acc1_1 = fadd float %v1, %v5
  %g6 = getelementptr float, ptr %a, i32 6
  %v6 = load float, ptr %g6, align 4
  %acc2_1 = fadd float %v2, %v6
  %g7 = getelementptr float, ptr %a, i32 7
  %v7 = load float, ptr %g7, align 4
  %acc3_1 = fadd float %v3, %v7
  %g8 = getelementptr float, ptr %a, i32 8
  %v8 = load float, ptr %g8, align 4
  %acc0_2 = fadd float %acc0_1, %v8
  %g9 = getelementptr float, ptr %a, i32 9
  %v9 = load float, ptr %g9, align 4
  %acc1_2 = fadd float %acc1_1, %v9
  %g10 = getelementptr float, ptr %a, i32 10
  %v10 = load float, ptr %g10, align 4
  %acc2_2 = fadd float %acc2_1, %v10
  %g11 = getelementptr float, ptr %a, i32 11
  %v11 = load float, ptr %g11, align 4
  %acc3_2 = fadd float %acc3_1, %v11
  %g12 = getelementptr float, ptr %a, i32 12
  %v12 = load float, ptr %g12, align 4
  %acc0_3 = fadd float %acc0_2, %v12
  %g13 = getelementptr float, ptr %a, i32 13
  %v13 = load float, ptr %g13, align 4
  %acc1_3 = fadd float %acc1_2, %v13
  %g14 = getelementptr float, ptr %a, i32 14
  %v14 = load float, ptr %g14, align 4
  %acc2_3 = fadd float %acc2_2, %v14
  %g15 = getelementptr float, ptr %a, i32 15
  %v15 = load float, ptr %g15, align 4
  %acc3_3 = fadd float %acc3_2, %v15
  %pair0 = fadd float %acc0_3, %acc1_3
  %pair1 = fadd float %acc2_3, %acc3_3
  %total = fadd float %pair0, %pair1
  ret float %total
}
