; ModuleID = 'triangle.ll'
source_filename = "triangle.ll"

define i32 @triangle(i32 %n) {
entry:
  br label %loop

loop:                                             ; preds = %loop, %entry
  %i = phi i32 [ 1, %entry ], [ %i.next, %loop ]
  %acc = phi i32 [ 0, %entry ], [ %acc.next, %loop ]
  %acc.next = add i32 %acc, %i
  %i.next = add i32 %i, 1
  %done = icmp sgt i32 %i.next, %n
  br i1 %done, label %exit, label %loop

exit:                                             ; preds = %loop
  ret i32 %acc.next
}
