module {
  gpu.module @ids {
    llvm.func @where_am_i(%arg0: !llvm.ptr, %arg1: !llvm.ptr, %arg2: i64, %arg3: i64, %arg4: i64) attributes {gpu.kernel, nvvm.kernel} {
      %0 = llvm.mlir.undef : !llvm.struct<(ptr, ptr, i64, array<1 x i64>, array<1 x i64>)>
      %1 = llvm.insertvalue %arg0, %0[0] : !llvm.struct<(ptr, ptr, i64, array<1 x i64>, array<1 x i64>)> 
      %2 = llvm.insertvalue %arg1, %1[1] : !llvm.struct<(ptr, ptr, i64, array<1 x i64>, array<1 x i64>)> 
      %3 = llvm.insertvalue %arg2, %2[2] : !llvm.struct<(ptr, ptr, i64, array<1 x i64>, array<1 x i64>)> 
      %4 = llvm.insertvalue %arg3, %3[3, 0] : !llvm.struct<(ptr, ptr, i64, array<1 x i64>, array<1 x i64>)> 
      %5 = llvm.insertvalue %arg4, %4[4, 0] : !llvm.struct<(ptr, ptr, i64, array<1 x i64>, array<1 x i64>)> 
      %6 = llvm.mlir.constant(0 : index) : i64
      %7 = llvm.mlir.constant(1 : index) : i64
      %8 = nvvm.read.ptx.sreg.ctaid.x : i32
      %9 = llvm.sext %8 : i32 to i64
      %10 = nvvm.read.ptx.sreg.tid.x : i32
      %11 = llvm.sext %10 : i32 to i64
      %12 = llvm.trunc %9 : i64 to i32
      %13 = llvm.trunc %11 : i64 to i32
      %14 = llvm.extractvalue %5[1] : !llvm.struct<(ptr, ptr, i64, array<1 x i64>, array<1 x i64>)> 
      %15 = llvm.getelementptr %14[%6] : (!llvm.ptr, i64) -> !llvm.ptr, i32
      llvm.store %12, %15 : i32, !llvm.ptr
      %16 = llvm.extractvalue %5[1] : !llvm.struct<(ptr, ptr, i64, array<1 x i64>, array<1 x i64>)> 
      %17 = llvm.getelementptr %16[%7] : (!llvm.ptr, i64) -> !llvm.ptr, i32
      llvm.store %13, %17 : i32, !llvm.ptr
      llvm.return
    }
  }
}

