module {
  func.func @first_element(%arg0: memref<4xf32>) -> f32 {
    %0 = bufferization.to_tensor %arg0 : memref<4xf32>
    %c0 = arith.constant 0 : index
    %extracted = tensor.extract %0[%c0] : tensor<4xf32>
    return %extracted : f32
  }
  func.func @as_memref(%arg0: tensor<4xf32>) -> memref<4xf32> {
    %0 = bufferization.to_memref %arg0 : memref<4xf32>
    return %0 : memref<4xf32>
  }
}

