#map = affine_map<(d0, d1) -> (d0, d1)>
#map1 = affine_map<(d0, d1) -> (d0)>
module {
  func.func @attention(%arg0: tensor<4x2xf32>, %arg1: tensor<4x2xf32>, %arg2: tensor<4x2xf32>) -> tensor<4x2xf32> {
    %cst = arith.constant 0.000000e+00 : f32
    %0 = tensor.empty() : tensor<4x4xf32>
    %1 = linalg.fill ins(%cst : f32) outs(%0 : tensor<4x4xf32>) -> tensor<4x4xf32>
    %2 = linalg.matmul_transpose_b ins(%arg0, %arg1 : tensor<4x2xf32>, tensor<4x2xf32>) outs(%1 : tensor<4x4xf32>) -> tensor<4x4xf32>
    %3 = tensor.empty() : tensor<4x4xf32>
    %4 = tensor.empty() : tensor<4xf32>
    %cst_0 = arith.constant -3.40282347E+38 : f32
    %5 = linalg.fill ins(%cst_0 : f32) outs(%4 : tensor<4xf32>) -> tensor<4xf32>
    %6 = linalg.generic {indexing_maps = [#map, #map1], iterator_types = ["parallel", "reduction"]} ins(%2 : tensor<4x4xf32>) outs(%5 : tensor<4xf32>) {
    ^bb0(%in: f32, %out: f32):
      %14 = arith.maximumf %in, %out : f32
      linalg.yield %14 : f32
    } -> tensor<4xf32>
    %7 = linalg.generic {indexing_maps = [#map, #map1, #map], iterator_types = ["parallel", "parallel"]} ins(%2, %6 : tensor<4x4xf32>, tensor<4xf32>) outs(%3 : tensor<4x4xf32>) {
    ^bb0(%in: f32, %in_2: f32, %out: f32):
      %14 = arith.subf %in, %in_2 : f32
      %15 = math.exp %14 : f32
      linalg.yield %15 : f32
    } -> tensor<4x4xf32>
    %cst_1 = arith.constant 0.000000e+00 : f32
    %8 = linalg.fill ins(%cst_1 : f32) outs(%4 : tensor<4xf32>) -> tensor<4xf32>
    %9 = linalg.generic {indexing_maps = [#map, #map1], iterator_types = ["parallel", "reduction"]} ins(%7 : tensor<4x4xf32>) outs(%8 : tensor<4xf32>) {
    ^bb0(%in: f32, %out: f32):
      %14 = arith.addf %in, %out : f32
      linalg.yield %14 : f32
    } -> tensor<4xf32>
    %10 = linalg.generic {indexing_maps = [#map, #map1, #map], iterator_types = ["parallel", "parallel"]} ins(%7, %9 : tensor<4x4xf32>, tensor<4xf32>) outs(%3 : tensor<4x4xf32>) {
    ^bb0(%in: f32, %in_2: f32, %out: f32):
      %14 = arith.divf %in, %in_2 : f32
      linalg.yield %14 : f32
    } -> tensor<4x4xf32>
    %11 = tensor.empty() : tensor<4x2xf32>
    %12 = linalg.fill ins(%cst : f32) outs(%11 : tensor<4x2xf32>) -> tensor<4x2xf32>
    %13 = linalg.matmul ins(%10, %arg2 : tensor<4x4xf32>, tensor<4x2xf32>) outs(%12 : tensor<4x2xf32>) -> tensor<4x2xf32>
    return %13 : tensor<4x2xf32>
  }
  module attributes {transform.with_named_sequence} {
    transform.named_sequence @__transform_main(%arg0: !transform.any_op {transform.readonly}) {
      %0 = transform.structured.match ops{["linalg.softmax"]} in %arg0 : (!transform.any_op) -> !transform.any_op
      %1 = transform.structured.decompose_interface %0 : (!transform.any_op) -> !transform.any_op
      transform.yield 
    }
  }
}

