warps ilp  cycles  busy  predicted  first 16 cycles
    1   1     505   12%        12%  A.......A.......
    2   1     506   25%        25%  AB......AB......
    4   1     508   50%        50%  ABCD....ABCD....
    8   1     512  100%       100%  ABCDEFGHABCDEFGH
   16   1    1024  100%       100%  ABCDEFGHIJKLMNOP
    1   2     250   25%        25%  AA......AA......
    1   4     124   51%        50%  AAAA....AAAA....
    1   8      64  100%       100%  AAAAAAAAAAAAAAAA
    2   4     128  100%       100%  ABABABABABABABAB
    4   2     256  100%       100%  ABCDABCDABCDABCD
