SM          latency  throughput  parallelism
G80-GT200        24           8          192
GF100            18          32          576
GF104            18          48          864

SM          threads  ILP needed
G80-GT200       192           1
GF100           192           3
GF104           192           5
