module attributes {transform.with_named_sequence} {
  func.func @tile_matmul(%arg0: memref<16x8xf32>, %arg1: memref<8x16xf32>, %arg2: memref<16x16xf32>) {
    %c0 = arith.constant 0 : index
    %c16 = arith.constant 16 : index
    %c4 = arith.constant 4 : index
    scf.for %arg3 = %c0 to %c16 step %c4 {
      %c0_0 = arith.constant 0 : index
      %c16_1 = arith.constant 16 : index
      %c4_2 = arith.constant 4 : index
      scf.for %arg4 = %c0_0 to %c16_1 step %c4_2 {
        %c0_3 = arith.constant 0 : index
        %c8 = arith.constant 8 : index
        %c2 = arith.constant 2 : index
        scf.for %arg5 = %c0_3 to %c8 step %c2 {
          %subview = memref.subview %arg0[%arg3, %arg5] [4, 2] [1, 1] : memref<16x8xf32> to memref<4x2xf32, strided<[8, 1], offset: ?>>
          %subview_4 = memref.subview %arg1[%arg5, %arg4] [2, 4] [1, 1] : memref<8x16xf32> to memref<2x4xf32, strided<[16, 1], offset: ?>>
          %subview_5 = memref.subview %arg2[%arg3, %arg4] [4, 4] [1, 1] : memref<16x16xf32> to memref<4x4xf32, strided<[16, 1], offset: ?>>
          linalg.matmul ins(%subview, %subview_4 : memref<4x2xf32, strided<[8, 1], offset: ?>>, memref<2x4xf32, strided<[16, 1], offset: ?>>) outs(%subview_5 : memref<4x4xf32, strided<[16, 1], offset: ?>>)
        }
      }
    }
    return
  }
  transform.named_sequence @__transform_main(%arg0: !transform.any_op) {
    %0 = transform.structured.match ops{["linalg.matmul"]} in %arg0 : (!transform.any_op) -> !transform.any_op
    %tiled_linalg_op, %loops:3 = transform.structured.tile_using_for %0[4, 4, 2] : (!transform.any_op) -> (!transform.any_op, !transform.any_op, !transform.any_op, !transform.any_op)
    transform.yield 
  }
}

