module {
  llvm.func @ends(%arg0: !llvm.ptr) -> f32 {
    %0 = llvm.mlir.undef : !llvm.struct<(ptr, ptr, i64, array<1 x i64>, array<1 x i64>)>
    %1 = llvm.insertvalue %arg0, %0[0] : !llvm.struct<(ptr, ptr, i64, array<1 x i64>, array<1 x i64>)> 
    %2 = llvm.insertvalue %arg0, %1[1] : !llvm.struct<(ptr, ptr, i64, array<1 x i64>, array<1 x i64>)> 
    %3 = llvm.mlir.constant(0 : index) : i64
    %4 = llvm.insertvalue %3, %2[2] : !llvm.struct<(ptr, ptr, i64, array<1 x i64>, array<1 x i64>)> 
    %5 = llvm.mlir.constant(4 : index) : i64
    %6 = llvm.insertvalue %5, %4[3, 0] : !llvm.struct<(ptr, ptr, i64, array<1 x i64>, array<1 x i64>)> 
    %7 = llvm.mlir.constant(1 : index) : i64
    %8 = llvm.insertvalue %7, %6[4, 0] : !llvm.struct<(ptr, ptr, i64, array<1 x i64>, array<1 x i64>)> 
    %9 = llvm.mlir.constant(0 : index) : i64
    %10 = llvm.mlir.constant(3 : index) : i64
    %11 = llvm.extractvalue %8[1] : !llvm.struct<(ptr, ptr, i64, array<1 x i64>, array<1 x i64>)> 
    %12 = llvm.load %11 : !llvm.ptr -> f32
    %13 = llvm.extractvalue %8[1] : !llvm.struct<(ptr, ptr, i64, array<1 x i64>, array<1 x i64>)> 
    %14 = llvm.getelementptr %13[3] : (!llvm.ptr) -> !llvm.ptr, f32
    %15 = llvm.load %14 : !llvm.ptr -> f32
    %16 = llvm.fadd %12, %15  : f32
    llvm.return %16 : f32
  }
}

