n=64   t=8   tile_ops=512      scalar_macs=262144     naive_scalar_instructions=262144     macs_match=true
n=64   t=16  tile_ops=64       scalar_macs=262144     naive_scalar_instructions=262144     macs_match=true
n=256  t=16  tile_ops=4096     scalar_macs=16777216   naive_scalar_instructions=16777216   macs_match=true
