AAPCS64: a0=x0 a1=x1 a2=x2 a3=x3 a4=x4 a5=x5 a6=x6 a7=x7 a8=[sp+0] a9=[sp+8]
  stack bytes 16, area reserved 16
Apple arm64: a0=x0 a1=x1 a2=x2 a3=x3 a4=x4 a5=x5 a6=x6 a7=x7 a8=[sp+0] a9=[sp+4]
  stack bytes 8, area reserved 16
SysV AMD64: a0=rdi a1=rsi a2=rdx a3=rcx a4=r8 a5=r9 a6=[sp+0] a7=[sp+8] a8=[sp+16] a9=[sp+24]
  stack bytes 32, area reserved 32

AAPCS64: A=x0 B=x1 C=x2 alpha=v0 beta=v1 m=x3 n=x4 k=x5 lda=x6 ldb=x7
  stack bytes 0, area reserved 0
Apple arm64: A=x0 B=x1 C=x2 alpha=v0 beta=v1 m=x3 n=x4 k=x5 lda=x6 ldb=x7
  stack bytes 0, area reserved 0
SysV AMD64: A=rdi B=rsi C=rdx alpha=xmm0 beta=xmm1 m=rcx n=r8 k=r9 lda=[sp+0] ldb=[sp+8]
  stack bytes 16, area reserved 16

