--- !Missed
Pass:            loop-vectorize
Name:            VectorizationNotBeneficial
Function:        scale
Args:
  - String:          the cost-model indicates that vectorization is not beneficial
...
--- !Missed
Pass:            loop-vectorize
Name:            InterleavingNotBeneficial
Function:        scale
Args:
  - String:          the cost-model indicates that interleaving is not beneficial
...
--- !AnalysisFPCommute
Pass:            loop-vectorize
Name:            CantReorderFPOps
Function:        sum
Args:
  - String:          'loop not vectorized: cannot prove it is safe to reorder floating-point operations'
...
--- !Missed
Pass:            loop-vectorize
Name:            MissedDetails
Function:        sum
Args:
  - String:          loop not vectorized
...
--- !Analysis
Pass:            loop-vectorize
Name:            InterleavingNotBeneficial
Function:        sum_hinted
Args:
  - String:          the cost-model indicates that interleaving is not beneficial
...
--- !Passed
Pass:            loop-vectorize
Name:            Vectorized
Function:        sum_hinted
Args:
  - String:          'vectorized '
  - String:          ''
  - String:          'loop (vectorization width: '
  - VectorizationFactor: '4'
  - String:          ', interleaved count: '
  - InterleaveCount: '1'
  - String:          ')'
...
