cycle 0:   0 . . |  . . . |  . . .
cycle 1:   1 0 . |  0 . . |  . . .
cycle 2:   2 1 0 |  1 0 . |  0 . .
cycle 3:   . 2 1 |  2 1 0 |  1 0 .
cycle 4:   . . 2 |  . 2 1 |  2 1 0
cycle 5:   . . . |  . . 2 |  . 2 1
cycle 6:   . . . |  . . . |  . . 2
reads from memory: 18, multiply-adds: 27
C[0] =   30  24  18
C[1] =   84  69  54
C[2] =  138 114  90
