module {
  llvm.func @scale_add(%arg0: !llvm.ptr, %arg1: !llvm.ptr, %arg2: i64, %arg3: i64, %arg4: i64, %arg5: !llvm.ptr, %arg6: !llvm.ptr, %arg7: i64, %arg8: i64, %arg9: i64, %arg10: !llvm.ptr, %arg11: !llvm.ptr, %arg12: i64, %arg13: i64, %arg14: i64) {
    %0 = llvm.mlir.undef : !llvm.struct<(ptr, ptr, i64, array<1 x i64>, array<1 x i64>)>
    %1 = llvm.insertvalue %arg0, %0[0] : !llvm.struct<(ptr, ptr, i64, array<1 x i64>, array<1 x i64>)> 
    %2 = llvm.insertvalue %arg1, %1[1] : !llvm.struct<(ptr, ptr, i64, array<1 x i64>, array<1 x i64>)> 
    %3 = llvm.insertvalue %arg2, %2[2] : !llvm.struct<(ptr, ptr, i64, array<1 x i64>, array<1 x i64>)> 
    %4 = llvm.insertvalue %arg3, %3[3, 0] : !llvm.struct<(ptr, ptr, i64, array<1 x i64>, array<1 x i64>)> 
    %5 = llvm.insertvalue %arg4, %4[4, 0] : !llvm.struct<(ptr, ptr, i64, array<1 x i64>, array<1 x i64>)> 
    %6 = llvm.mlir.undef : !llvm.struct<(ptr, ptr, i64, array<1 x i64>, array<1 x i64>)>
    %7 = llvm.insertvalue %arg5, %6[0] : !llvm.struct<(ptr, ptr, i64, array<1 x i64>, array<1 x i64>)> 
    %8 = llvm.insertvalue %arg6, %7[1] : !llvm.struct<(ptr, ptr, i64, array<1 x i64>, array<1 x i64>)> 
    %9 = llvm.insertvalue %arg7, %8[2] : !llvm.struct<(ptr, ptr, i64, array<1 x i64>, array<1 x i64>)> 
    %10 = llvm.insertvalue %arg8, %9[3, 0] : !llvm.struct<(ptr, ptr, i64, array<1 x i64>, array<1 x i64>)> 
    %11 = llvm.insertvalue %arg9, %10[4, 0] : !llvm.struct<(ptr, ptr, i64, array<1 x i64>, array<1 x i64>)> 
    %12 = llvm.mlir.undef : !llvm.struct<(ptr, ptr, i64, array<1 x i64>, array<1 x i64>)>
    %13 = llvm.insertvalue %arg10, %12[0] : !llvm.struct<(ptr, ptr, i64, array<1 x i64>, array<1 x i64>)> 
    %14 = llvm.insertvalue %arg11, %13[1] : !llvm.struct<(ptr, ptr, i64, array<1 x i64>, array<1 x i64>)> 
    %15 = llvm.insertvalue %arg12, %14[2] : !llvm.struct<(ptr, ptr, i64, array<1 x i64>, array<1 x i64>)> 
    %16 = llvm.insertvalue %arg13, %15[3, 0] : !llvm.struct<(ptr, ptr, i64, array<1 x i64>, array<1 x i64>)> 
    %17 = llvm.insertvalue %arg14, %16[4, 0] : !llvm.struct<(ptr, ptr, i64, array<1 x i64>, array<1 x i64>)> 
    %18 = llvm.mlir.constant(0 : index) : i64
    %19 = llvm.mlir.constant(4 : index) : i64
    %20 = llvm.mlir.constant(1 : index) : i64
    llvm.br ^bb1(%18 : i64)
  ^bb1(%21: i64):  // 2 preds: ^bb0, ^bb2
    %22 = llvm.icmp "slt" %21, %19 : i64
    llvm.cond_br %22, ^bb2, ^bb3
  ^bb2:  // pred: ^bb1
    %23 = llvm.extractvalue %5[1] : !llvm.struct<(ptr, ptr, i64, array<1 x i64>, array<1 x i64>)> 
    %24 = llvm.getelementptr %23[%21] : (!llvm.ptr, i64) -> !llvm.ptr, f32
    %25 = llvm.load %24 : !llvm.ptr -> f32
    %26 = llvm.extractvalue %11[1] : !llvm.struct<(ptr, ptr, i64, array<1 x i64>, array<1 x i64>)> 
    %27 = llvm.getelementptr %26[%21] : (!llvm.ptr, i64) -> !llvm.ptr, f32
    %28 = llvm.load %27 : !llvm.ptr -> f32
    %29 = llvm.fadd %25, %28  : f32
    %30 = llvm.extractvalue %17[1] : !llvm.struct<(ptr, ptr, i64, array<1 x i64>, array<1 x i64>)> 
    %31 = llvm.getelementptr %30[%21] : (!llvm.ptr, i64) -> !llvm.ptr, f32
    llvm.store %29, %31 : f32, !llvm.ptr
    %32 = llvm.add %21, %20  : i64
    llvm.br ^bb1(%32 : i64)
  ^bb3:  // pred: ^bb1
    llvm.return
  }
}

